// Jest Snapshot v1, https://goo.gl/fbAQLP

exports[`TagsListItem Component renders tags without issues 1`] = `
<ContextConsumer>
  <Component />
</ContextConsumer>
`;
