// Jest Snapshot v1, https://goo.gl/fbAQLP

exports[`LoginForm Component Renders an LoginForm without issue 1`] = `
<ContextConsumer>
  <Component />
</ContextConsumer>
`;
