// Jest Snapshot v1, https://goo.gl/fbAQLP

exports[`EdItemForm Component Renders an EditItemForm without issue 1`] = `
<ContextConsumer>
  <Component />
</ContextConsumer>
`;
