// Jest Snapshot v1, https://goo.gl/fbAQLP

exports[`AddItemForm Component Renders an AddItemForm without issue 1`] = `
<ContextConsumer>
  <Component />
</ContextConsumer>
`;
