// Jest Snapshot v1, https://goo.gl/fbAQLP

exports[`Registration Form Renders registration form without issues 1`] = `
<ContextConsumer>
  <Component />
</ContextConsumer>
`;
